BLOCK: offset: 4673 len: 2 phased: 2 SPAN: 2 fragments 9
4673    0       0       11      20114542        A       C       0/0:.:20:19:0:0%:18,1,0,0:.:2   0       .       100.00
4674    0       0       11      20114544        A       C       0/0:.:20:18:0:0%:17,1,0,0:.:2   0       .       100.00
******** 
BLOCK: offset: 4684 len: 2 phased: 2 SPAN: 6 fragments 27
4684    0       0       11      56099004        C       T       0/0:.:30:30:0:0%:14,16,0,0:.:2  0       .       100.00
4685    0       0       11      56099010        A       G       0/0:.:29:29:0:0%:15,14,0,0:.:2  0       .       100.00
******** 
BLOCK: offset: 4690 len: 2 phased: 2 SPAN: 10 fragments 15
4690    0       0       11      61071210        G       A       0/0:.:13:13:0:0%:13,0,0,0:.:2   0       .       100.00
4691    0       0       11      61071220        T       C       0/0:.:18:18:0:0%:18,0,0,0:.:2   0       .       100.00
******** 
BLOCK: offset: 4700 len: 2 phased: 2 SPAN: 11 fragments 5
4700    0       0       11      65653665        C       A       0/0:.:8:8:0:0%:8,0,0,0:.:2      0       .       100.00
4701    0       0       11      65653676        T       G       0/0:.:14:14:0:0%:14,0,0,0:.:2   0       .       100.00
******** 
BLOCK: offset: 4706 len: 2 phased: 2 SPAN: 39 fragments 73
4706    0       0       11      71276861        T       C       0/0:.:53:52:0:0%:22,30,0,0:.:2  0       .       100.00
4707    0       0       11      71276900        C       G       0/0:.:35:34:0:0%:19,15,0,0:.:2  0       .       100.00
******** 
BLOCK: offset: 4759 len: 2 phased: 2 SPAN: 66 fragments 1
4759    0       0       11      134151788       A       G       0/0:.:17:17:0:0%:17,0,0,0:.:2   0       .       23.00
4760    0       0       11      134151854       T       C       0/0:.:38:38:0:0%:31,7,0,0:.:2   0       .       23.00
********