BLOCK: offset: 26725 len: 2 phased: 2 SPAN: 8 fragments 7
26725	0	0	Y	13448738	C	T	0/0:.:22:21:0:0%:10,11,0,0:.:2	.	.	.
26726	0	0	Y	13448746	C	T	0/0:.:15:15:0:0%:6,9,0,0:.:2	.	.	.
******** 
BLOCK: offset: 26727 len: 3 phased: 3 SPAN: 328 fragments 5
26727	0	0	Y	13449249	C	G	0/0:.:12:12:0:0%:4,8,0,0:.:2	.	.	.
26728	0	0	Y	13449417	A	T	0/0:.:10:10:0:0%:6,4,0,0:.:2	.	.	.
26729	0	0	Y	13449577	C	T	0/0:.:13:13:0:0%:7,6,0,0:.:2	.	.	.
******** 
BLOCK: offset: 26732 len: 2 phased: 2 SPAN: 26 fragments 3
26732	0	0	Y	13458660	C	T	0/0:.:18:18:0:0%:10,8,0,0:.:2	.	.	.
26733	0	0	Y	13458686	C	A	0/0:.:26:26:0:0%:15,11,0,0:.:2	.	.	.
******** 
BLOCK: offset: 26748 len: 2 phased: 2 SPAN: 46 fragments 70
26748	0	0	Y	59001513	G	A	0/0:.:256:242:13:5.1%:184,58,9,4:.:2	.	.	.
26749	0	0	Y	59001559	G	A	0/0:.:276:261:14:5.09%:117,144,6,8:.:2	.	.	.
******** 
